// Jest Snapshot v1, https://goo.gl/fbAQLP

exports[`should render PLP - Product List Page 1`] = `ShallowWrapper {}`;
