// Jest Snapshot v1, https://goo.gl/fbAQLP

exports[`ProductListPage component should render component (Product List Page) 1`] = `ShallowWrapper {}`;
