// Jest Snapshot v1, https://goo.gl/fbAQLP

exports[`should render Item section 1`] = `ShallowWrapper {}`;
