// Jest Snapshot v1, https://goo.gl/fbAQLP

exports[`should render MobileItem section 1`] = `ShallowWrapper {}`;
